[INFO] Scanning for projects...
[INFO] 
[INFO] ----------------------< com.rt:shopping-cart-new >----------------------
[INFO] Building  0.0.1-SNAPSHOT
[INFO]   from pom.xml
[INFO] --------------------------------[ jar ]---------------------------------
[INFO] 
[INFO] --- clean:3.5.0:clean (default-clean) @ shopping-cart-new ---
[INFO] Deleting C:\abhiram\work\shopping-cart-new\target
[INFO] 
[INFO] --- resources:3.3.1:resources (default-resources) @ shopping-cart-new ---
[INFO] Copying 1 resource from src\main\resources to target\classes
[INFO] Copying 6 resources from src\main\resources to target\classes
[INFO] 
[INFO] --- compiler:3.14.1:compile (default-compile) @ shopping-cart-new ---
[INFO] Recompiling the module because of changed source code.
[INFO] Compiling 5 source files with javac [debug parameters release 26] to target\classes
[INFO] 
[INFO] --- resources:3.3.1:testResources (default-testResources) @ shopping-cart-new ---
[INFO] skip non existing resourceDirectory C:\abhiram\work\shopping-cart-new\src\test\resources
[INFO] 
[INFO] --- compiler:3.14.1:testCompile (default-testCompile) @ shopping-cart-new ---
[INFO] Recompiling the module because of changed dependency.
[INFO] Compiling 1 source file with javac [debug parameters release 26] to target\test-classes
[INFO] 
[INFO] --- surefire:3.5.5:test (default-test) @ shopping-cart-new ---
[INFO] Using auto detected provider org.apache.maven.surefire.junitplatform.JUnitPlatformProvider
[INFO] 
[INFO] -------------------------------------------------------
[INFO]  T E S T S
[INFO] -------------------------------------------------------
[INFO] Running com.rt.ShoppingCartNewApplicationTests
13:51:20.274 [main] INFO org.springframework.test.context.support.AnnotationConfigContextLoaderUtils -- Could not detect default configuration classes for test class [com.rt.ShoppingCartNewApplicationTests]: ShoppingCartNewApplicationTests does not declare any static, non-private, non-final, nested classes annotated with @Configuration.
13:51:20.395 [main] INFO org.springframework.boot.test.context.SpringBootTestContextBootstrapper -- Found @SpringBootConfiguration com.rt.ShoppingCartNewApplication for test class com.rt.ShoppingCartNewApplicationTests
13:51:20.491 [main] INFO org.springframework.test.context.support.AnnotationConfigContextLoaderUtils -- Could not detect default configuration classes for test class [com.rt.ShoppingCartNewApplicationTests]: ShoppingCartNewApplicationTests does not declare any static, non-private, non-final, nested classes annotated with @Configuration.
13:51:20.493 [main] INFO org.springframework.boot.test.context.SpringBootTestContextBootstrapper -- Found @SpringBootConfiguration com.rt.ShoppingCartNewApplication for test class com.rt.ShoppingCartNewApplicationTests

  .   ____          _            __ _ _
 /\\ / ___'_ __ _ _(_)_ __  __ _ \ \ \ \
( ( )\___ | '_ | '_| | '_ \/ _` | \ \ \ \
 \\/  ___)| |_)| | | | | || (_| |  ) ) ) )
  '  |____| .__|_| |_|_| |_\__, | / / / /
 =========|_|==============|___/=/_/_/_/

 :: Spring Boot ::                (v4.0.6)

2026-04-25T13:51:20.782+05:30  INFO 21096 --- [shopping-cart-new] [           main] com.rt.ShoppingCartNewApplicationTests   : Starting ShoppingCartNewApplicationTests using Java 26 with PID 21096 (started by sange in C:\abhiram\work\shopping-cart-new)
2026-04-25T13:51:20.784+05:30  INFO 21096 --- [shopping-cart-new] [           main] com.rt.ShoppingCartNewApplicationTests   : No active profile set, falling back to 1 default profile: "default"
2026-04-25T13:51:21.278+05:30  INFO 21096 --- [shopping-cart-new] [           main] .s.d.r.c.RepositoryConfigurationDelegate : Bootstrapping Spring Data JPA repositories in DEFAULT mode.
2026-04-25T13:51:21.332+05:30  INFO 21096 --- [shopping-cart-new] [           main] .s.d.r.c.RepositoryConfigurationDelegate : Finished Spring Data repository scanning in 43 ms. Found 1 JPA repository interface.
2026-04-25T13:51:21.640+05:30  INFO 21096 --- [shopping-cart-new] [           main] org.hibernate.orm.jpa                    : HHH008540: Processing PersistenceUnitInfo [name: default]
2026-04-25T13:51:21.682+05:30  INFO 21096 --- [shopping-cart-new] [           main] org.hibernate.orm.core                   : HHH000001: Hibernate ORM core version 7.2.12.Final
2026-04-25T13:51:22.193+05:30  INFO 21096 --- [shopping-cart-new] [           main] o.s.o.j.p.SpringPersistenceUnitInfo      : No LoadTimeWeaver setup: ignoring JPA class transformer
2026-04-25T13:51:22.221+05:30  INFO 21096 --- [shopping-cart-new] [           main] com.zaxxer.hikari.HikariDataSource       : HikariPool-1 - Starting...
2026-04-25T13:51:22.598+05:30  INFO 21096 --- [shopping-cart-new] [           main] com.zaxxer.hikari.pool.HikariPool        : HikariPool-1 - Added connection com.mysql.cj.jdbc.ConnectionImpl@4e79c25
2026-04-25T13:51:22.599+05:30  INFO 21096 --- [shopping-cart-new] [           main] com.zaxxer.hikari.HikariDataSource       : HikariPool-1 - Start completed.
2026-04-25T13:51:22.640+05:30  WARN 21096 --- [shopping-cart-new] [           main] org.hibernate.orm.deprecation            : HHH90000025: MySQLDialect does not need to be specified explicitly using 'hibernate.dialect' (remove the property setting and it will be selected by default)
2026-04-25T13:51:22.656+05:30  INFO 21096 --- [shopping-cart-new] [           main] org.hibernate.orm.connections.pooling    : HHH10001005: Database info:
	Database JDBC URL [jdbc:mysql://localhost:3306/shopping_cart_db]
	Database driver: MySQL Connector/J
	Database dialect: MySQLDialect
	Database version: 8.0.45
	Default catalog/schema: shopping_cart_db/undefined
	Autocommit mode: undefined/unknown
	Isolation level: REPEATABLE_READ [default REPEATABLE_READ]
	JDBC fetch size: none
	Pool: DataSourceConnectionProvider
	Minimum pool size: undefined/unknown
	Maximum pool size: undefined/unknown
2026-04-25T13:51:23.250+05:30  INFO 21096 --- [shopping-cart-new] [           main] org.hibernate.orm.core                   : HHH000489: No JTA platform available (set 'hibernate.transaction.jta.platform' to enable JTA platform integration)
2026-04-25T13:51:23.298+05:30  INFO 21096 --- [shopping-cart-new] [           main] j.LocalContainerEntityManagerFactoryBean : Initialized JPA EntityManagerFactory for persistence unit 'default'
2026-04-25T13:51:23.371+05:30  INFO 21096 --- [shopping-cart-new] [           main] o.s.d.j.r.query.QueryEnhancerFactories   : Hibernate is in classpath; If applicable, HQL parser will be used.
2026-04-25T13:51:23.510+05:30  WARN 21096 --- [shopping-cart-new] [           main] JpaBaseConfiguration$JpaWebConfiguration : spring.jpa.open-in-view is enabled by default. Therefore, database queries may be performed during view rendering. Explicitly configure spring.jpa.open-in-view to disable this warning
2026-04-25T13:51:23.851+05:30  INFO 21096 --- [shopping-cart-new] [           main] com.rt.ShoppingCartNewApplicationTests   : Started ShoppingCartNewApplicationTests in 3.297 seconds (process running for 4.275)
Hibernate: 
    select
        count(*) 
    from
        products p1_0
.\mvnw.cmd : Mockito is currently self-attaching to enable the 
inline-mock-maker. This will no longer work in future releases of the JDK. 
Please add Mockito as an agent to your build as described in Mockito's 
documentation: https://javadoc.io/doc/org.mockito/mockito-core/latest/org.mocki
to/org/mockito/Mockito.html#0.3
At line:1 char:1
+ .\mvnw.cmd clean install 2>&1 | Tee-Object -FilePath build_output.txt
+ ~~~~~~~~~~~~~~~~~~~~~~~~~~~~~
    + CategoryInfo          : NotSpecified: (Mockito is curr...ockito.html#0.3 
   :String) [], RemoteException
    + FullyQualifiedErrorId : NativeCommandError
 
WARNING: A Java agent has been loaded dynamically (C:\Users\sange\.m2\repositor
y\net\bytebuddy\byte-buddy-agent\1.17.8\byte-buddy-agent-1.17.8.jar)
WARNING: If a serviceability tool is in use, please run with 
-XX:+EnableDynamicAgentLoading to hide this warning
WARNING: If a serviceability tool is not in use, please run with 
-Djdk.instrument.traceUsage for more information
WARNING: Dynamic loading of agents will be disallowed by default in a future 
release
Java HotSpot(TM) 64-Bit Server VM warning: Sharing is only supported for boot 
loader classes because bootstrap classpath has been appended
[INFO] Tests run: 1, Failures: 0, Errors: 0, Skipped: 0, Time elapsed: 4.415 s -- in com.rt.ShoppingCartNewApplicationTests
[INFO] 
[INFO] Results:
[INFO] 
[INFO] Tests run: 1, Failures: 0, Errors: 0, Skipped: 0
[INFO] 
[INFO] 
[INFO] --- jar:3.4.2:jar (default-jar) @ shopping-cart-new ---
[INFO] Building jar: C:\abhiram\work\shopping-cart-new\target\shopping-cart-new-0.0.1-SNAPSHOT.jar
[INFO] 
[INFO] --- spring-boot:4.0.6:repackage (repackage) @ shopping-cart-new ---
[INFO] Replacing main artifact C:\abhiram\work\shopping-cart-new\target\shopping-cart-new-0.0.1-SNAPSHOT.jar with repackaged archive, adding nested dependencies in BOOT-INF/.
[INFO] The original artifact has been renamed to C:\abhiram\work\shopping-cart-new\target\shopping-cart-new-0.0.1-SNAPSHOT.jar.original
[INFO] 
[INFO] --- install:3.1.4:install (default-install) @ shopping-cart-new ---
[INFO] Installing C:\abhiram\work\shopping-cart-new\pom.xml to C:\Users\sange\.m2\repository\com\rt\shopping-cart-new\0.0.1-SNAPSHOT\shopping-cart-new-0.0.1-SNAPSHOT.pom
[INFO] Installing C:\abhiram\work\shopping-cart-new\target\shopping-cart-new-0.0.1-SNAPSHOT.jar to C:\Users\sange\.m2\repository\com\rt\shopping-cart-new\0.0.1-SNAPSHOT\shopping-cart-new-0.0.1-SNAPSHOT.jar
[INFO] ------------------------------------------------------------------------
[INFO] BUILD SUCCESS
[INFO] ------------------------------------------------------------------------
[INFO] Total time:  8.287 s
[INFO] Finished at: 2026-04-25T13:51:25+05:30
[INFO] ------------------------------------------------------------------------
